hand_shutdown "key 66 mod1" "stick_0 button 7 mod3" 
hand_fullscr "key 40 mod2" 
hand_restart "key 74 mod1 mod2" 
hand_pause "key 72 mod2" 
hand_mapper "key 58 mod1" 
hand_speedlock "key 69 mod2" 
hand_recwave "key 63 mod1" 
hand_caprawmidi "key 65 mod1 mod2" 
hand_decfskip "key 64 mod1" 
hand_incfskip "key 65 mod1" 
hand_cycledown "key 68 mod1" 
hand_cycleup "key 69 mod1" 
hand_caprawopl "key 64 mod1 mod2" 
hand_swapimg "key 61 mod1" 
key_esc "key 41" "stick_0 button 6"
key_f1 "key 58" 
key_f2 "key 59" 
key_f3 "key 60" 
key_f4 "key 61" 
key_f5 "key 62" 
key_f6 "key 63" 
key_f7 "key 64" 
key_f8 "key 65" 
key_f9 "key 66" 
key_f10 "key 67" 
key_f11 "key 68" 
key_f12 "key 69" 
key_grave "key 53" 
key_1 "key 30" "stick_0 hat 0 1"
key_2 "key 31" "stick_0 hat 0 8"
key_3 "key 32" "stick_0 hat 0 4"
key_4 "key 33" "stick_0 hat 0 2"
key_5 "key 34" "stick_0 axis 4 0"
key_6 "key 35" "stick_0 axis 3 0"
key_7 "key 36" "stick_0 axis 4 1"
key_8 "key 37" "stick_0 axis 3 1"
key_9 "key 38" 
key_0 "key 39" 
key_minus "key 45" 
key_equals "key 46" 
key_bspace "key 42" 
key_tab "key 43" "stick_0 button 5"
key_q "key 20" "stick_0 button 8" 
key_w "key 26" 
key_e "key 8" 
key_r "key 21" 
key_t "key 23" 
key_y "key 28" "stick_0 button 9"
key_u "key 24" 
key_i "key 12" 
key_o "key 18" 
key_p "key 19" 
key_lbracket "key 47" 
key_rbracket "key 48" 
key_enter "key 40" "stick_0 button 7"
key_capslock "key 57" 
key_a "key 4" 
key_s "key 22" 
key_d "key 7" 
key_f "key 9" 
key_g "key 10" 
key_h "key 11" 
key_j "key 13" 
key_k "key 14" 
key_l "key 15" 
key_semicolon "key 51" 
key_quote "key 52" 
key_backslash "key 49" 
key_lshift "key 225" 
key_lessthan "key 100" 
key_z "key 29" "stick_0 button 1" 
key_x "key 27" "stick_0 button 2"  
key_c "key 6" 
key_v "key 25" 
key_b "key 5"
key_n "key 17"
key_m "key 16" 
key_comma "key 54"
key_period "key 55"
key_slash "key 56" 
key_rshift "key 229"
key_lctrl "key 224" "stick_0 button 0" 
key_lalt "key 226" "stick_0 button 4" 
key_space "key 44"
key_ralt "key 230" 
key_rctrl "key 228"
key_printscreen "key 70" 
key_scrolllock "key 71" 
key_pause "key 72" 
key_insert "key 73" 
key_home "key 74" 
key_pageup "key 75" 
key_delete "key 76" 
key_end "key 77" 
key_pagedown "key 78" 
key_up "key 82" "stick_0 axis 1 0"
key_left "key 80" "stick_0 axis 0 0"
key_down "key 81" "stick_0 axis 1 1"
key_right "key 79" "stick_0 axis 0 1"
key_numlock "key 83" 
key_kp_divide "key 84" 
key_kp_multiply "key 85" 
key_kp_minus "key 86" 
key_kp_7 "key 95" 
key_kp_8 "key 96" 
key_kp_9 "key 97" 
key_kp_plus "key 87" 
key_kp_4 "key 92" 
key_kp_5 "key 93" 
key_kp_6 "key 94" 
key_kp_1 "key 89" 
key_kp_2 "key 90" 
key_kp_3 "key 91" 
key_kp_enter "key 88" 
key_kp_0 "key 98" 
key_kp_period "key 99" 
jaxis_0_1- "stick_0 axis 1 0" 
jaxis_0_1+ "stick_0 axis 1 1" 
jaxis_0_0- "stick_0 axis 0 0" 
jaxis_0_0+ "stick_0 axis 0 1" 
jbutton_0_0 "stick_0 button 0" 
jbutton_0_1 "stick_0 button 1" 
jbutton_0_2 "stick_0 button 2" 
jbutton_0_3 "stick_0 button 3" 
jbutton_0_4 "stick_0 button 4"
jbutton_0_5 "stick_0 button 5" 
jaxis_0_2- "stick_0 axis 2 0" 
jaxis_0_2+ "stick_0 axis 2 1" 
jaxis_0_3- "stick_0 axis 3 0" 
jaxis_0_3+ "stick_0 axis 3 1" 
jaxis_1_0- 
jaxis_1_0+ 
jaxis_1_1- 
jaxis_1_1+ 
jbutton_1_0 
jbutton_1_1 
jhat_0_0_0 "stick_0 hat 0 1" 
jhat_0_0_3 "stick_0 hat 0 8" 
jhat_0_0_2 "stick_0 hat 0 4" 
jhat_0_0_1 "stick_0 hat 0 2" 
mod_1 "key 224" "key 228" 
mod_2 "key 226" "key 230" 
mod_3 "stick_0 button 6"
